2025-08-20 18:16:39,815 - INFO - Starting KNN classification process with ResNet50 features...
2025-08-20 18:16:39,815 - INFO - Dataset Path: c:\Users\Student\Desktop\Chiu Siew Chin\ResNet Series\ResNet50---Multi-Target-Crocodile-Detection-System\dataset
2025-08-20 18:16:39,815 - INFO - Model Path: c:\Users\Student\Desktop\Chiu Siew Chin\ResNet Series\ResNet50---Multi-Target-Crocodile-Detection-System\resnet50_checkpoint\best_resnet50_model.pth
2025-08-20 18:16:39,815 - INFO - Loading ResNet50 feature extrator model...
2025-08-20 18:16:40,222 - INFO - Loading custom dataset...
2025-08-20 18:16:40,252 - INFO - Found 4190 training images and 2625 validation images.
2025-08-20 18:16:40,252 - INFO - Extracting features from the training set...
2025-08-20 18:16:59,362 - INFO - Extracting feature from the test set...
2025-08-20 18:17:21,005 - INFO - Feature extraction complete! Train features shape: (4190, 2048), Test features shape: (2625, 2048)
2025-08-20 18:17:21,006 - INFO - --- Training and Evaluating KNN Classifier ---
2025-08-20 18:17:21,006 - INFO - Using K = 5
2025-08-20 18:17:21,006 - INFO - Training the KNN classifier...
2025-08-20 18:17:21,010 - INFO - Making predictions with the KNN classifier...
2025-08-20 18:17:21,655 - INFO - ------------------------------------------
2025-08-20 18:17:21,655 - INFO - FINAL RESULT: KNN classifier accuracy on the test set: 99.09%
2025-08-20 18:17:21,655 - INFO - ------------------------------------------
2025-08-20 18:17:21,655 - INFO - KNN classification process finished.
2025-08-20 20:38:37,516 - INFO - Starting KNN classification process with ResNet50 features...
2025-08-20 20:38:37,516 - INFO - Dataset Path: c:\Users\Student\Desktop\Chiu Siew Chin\ResNet Series\ResNet50---Multi-Target-Crocodile-Detection-System\dataset
2025-08-20 20:38:37,516 - INFO - Model Path: c:\Users\Student\Desktop\Chiu Siew Chin\ResNet Series\ResNet50---Multi-Target-Crocodile-Detection-System\resnet50_checkpoint\best_resnet50_model.pth
2025-08-20 20:38:37,516 - INFO - Loading ResNet50 feature extrator model...
2025-08-20 20:38:37,905 - INFO - Loading custom dataset...
2025-08-20 20:38:37,928 - INFO - Found 4190 training images and 2625 validation images.
2025-08-20 20:38:37,929 - INFO - Extracting features from the training set...
2025-08-20 20:38:56,833 - INFO - Extracting feature from the test set...
2025-08-20 20:39:18,169 - INFO - Feature extraction complete! Train features shape: (4190, 2048), Test features shape: (2625, 2048)
2025-08-20 20:39:18,169 - INFO - --- Training and Evaluating KNN Classifier ---
2025-08-20 20:39:18,169 - INFO - Using K = 5
2025-08-20 20:39:18,170 - INFO - Training the KNN classifier...
2025-08-20 20:39:18,173 - INFO - Making predictions with the KNN classifier...
2025-08-20 20:39:18,836 - INFO - ------------------------------------------
2025-08-20 20:39:18,836 - INFO - FINAL RESULT: KNN classifier accuracy on the test set: 99.16%
2025-08-20 20:39:18,836 - INFO - ------------------------------------------
2025-08-20 20:39:18,836 - INFO - KNN classification process finished.
2026-03-04 23:55:06,803 - INFO - Starting KNN classification process with ResNet50 features...
2026-03-04 23:55:06,819 - INFO - Dataset Path: c:\Users\Student\Desktop\Chiu Siew Chin\ResNet Series\ResNet50---Multi-Target-Crocodile-Detection-System\dataset
2026-03-04 23:55:06,819 - INFO - Model Path: c:\Users\Student\Desktop\Chiu Siew Chin\ResNet Series\ResNet50---Multi-Target-Crocodile-Detection-System\resnet50_checkpoint\best_resnet50_model.pth
2026-03-04 23:55:06,819 - INFO - Loading ResNet50 feature extrator model...
2026-03-04 23:55:07,195 - INFO - Loading custom dataset...
2026-03-04 23:55:07,218 - INFO - Found 4190 training images and 2625 validation images.
2026-03-04 23:55:07,218 - INFO - Extracting features from the training set...
2026-03-04 23:55:26,512 - INFO - Extracting feature from the test set...
2026-03-04 23:55:48,249 - INFO - Feature extraction complete! Train features shape: (4190, 2048), Test features shape: (2625, 2048)
2026-03-04 23:55:48,249 - INFO - --- Training and Evaluating KNN Classifier ---
2026-03-04 23:55:48,249 - INFO - Using K = 5
2026-03-04 23:55:48,255 - INFO - Training the KNN classifier...
2026-03-04 23:55:48,258 - INFO - Making predictions with the KNN classifier...
2026-03-04 23:55:48,909 - INFO - ------------------------------------------
2026-03-04 23:55:48,909 - INFO - FINAL RESULT: KNN classifier accuracy on the test set: 99.05%
2026-03-04 23:55:48,909 - INFO - ------------------------------------------
2026-03-04 23:55:48,909 - INFO - KNN classification process finished.
2026-03-04 23:56:58,978 - INFO - Starting KNN classification process with ResNet50 features...
2026-03-04 23:56:58,978 - INFO - Dataset Path: c:\Users\Student\Desktop\Chiu Siew Chin\ResNet Series\ResNet50---Multi-Target-Crocodile-Detection-System\dataset
2026-03-04 23:56:58,978 - INFO - Model Path: c:\Users\Student\Desktop\Chiu Siew Chin\ResNet Series\ResNet50---Multi-Target-Crocodile-Detection-System\resnet50_checkpoint\best_resnet50_model.pth
2026-03-04 23:56:58,978 - INFO - Loading ResNet50 feature extrator model...
2026-03-04 23:56:59,355 - INFO - Loading custom dataset...
2026-03-04 23:56:59,377 - INFO - Found 4190 training images and 2625 validation images.
2026-03-04 23:56:59,382 - INFO - Extracting features from the training set...
2026-03-04 23:57:18,540 - INFO - Extracting feature from the test set...
2026-03-04 23:57:40,262 - INFO - Feature extraction complete! Train features shape: (4190, 2048), Test features shape: (2625, 2048)
2026-03-04 23:57:40,262 - INFO - --- Training and Evaluating KNN Classifier ---
2026-03-04 23:57:40,262 - INFO - Using K = 5
2026-03-04 23:57:40,263 - INFO - Training the KNN classifier...
2026-03-04 23:57:40,267 - INFO - Making predictions with the KNN classifier...
2026-03-04 23:57:40,924 - INFO - ------------------------------------------
2026-03-04 23:57:40,926 - INFO - FINAL RESULT: KNN classifier accuracy on the test set: 99.05%
2026-03-04 23:57:40,926 - INFO - ------------------------------------------
2026-03-04 23:57:40,926 - INFO - KNN classification process finished.
