2025-08-20 17:15:01,668 - INFO - Load the best ResNet50 model as the feature extractor...
2025-08-20 17:15:02,027 - INFO - Feature extractor loaded successfully.
2025-08-20 17:15:02,027 - INFO - Starting Step 1: Start extracting features of the training and validation sets...
2025-08-20 17:15:37,184 - INFO - Extraction completed. Number of training set features: 4190
2025-08-20 17:15:37,184 - INFO - Extraction completed. Number of validation set features: 2625
2025-08-20 17:15:37,184 - INFO - Starting Step 2: Training the SVM brain or classifier...
2025-08-20 17:15:37,543 - INFO - SVM training completed.
2025-08-20 17:15:37,562 - INFO - Starting Step 3: Evaluating the SVM classifier on validation data...
2025-08-20 17:15:37,668 - INFO - ResNet50 + SVM Hybrid Model Validation Accuracy: 0.9893
2025-08-20 17:20:21,246 - INFO - Load the best ResNet50 model as the feature extractor...
2025-08-20 17:20:21,594 - INFO - Feature extractor loaded successfully.
2025-08-20 17:20:21,594 - INFO - Starting Step 1: Start extracting features of the training and validation sets...
2025-08-20 17:20:57,163 - INFO - Extraction completed. Number of training set features: 4190
2025-08-20 17:20:57,163 - INFO - Extraction completed. Number of validation set features: 2625
2025-08-20 17:20:57,163 - INFO - Starting Step 2: Training the SVM brain or classifier...
2025-08-20 17:20:57,535 - INFO - SVM training completed.
2025-08-20 17:20:57,535 - INFO - Starting Step 3: Evaluating the SVM classifier on validation data...
2025-08-20 17:20:57,638 - INFO - ResNet50 + SVM Hybrid Model Validation Accuracy: 0.9893
2025-08-20 20:37:48,592 - INFO - Load the best ResNet50 model as the feature extractor...
2025-08-20 20:37:48,965 - INFO - Feature extractor loaded successfully.
2025-08-20 20:37:48,966 - INFO - Starting Step 1: Start extracting features of the training and validation sets...
2025-08-20 20:38:24,156 - INFO - Extraction completed. Number of training set features: 4190
2025-08-20 20:38:24,156 - INFO - Extraction completed. Number of validation set features: 2625
2025-08-20 20:38:24,156 - INFO - Starting Step 2: Training the SVM brain or classifier...
2025-08-20 20:38:24,520 - INFO - SVM training completed.
2025-08-20 20:38:24,520 - INFO - Starting Step 3: Evaluating the SVM classifier on validation data...
2025-08-20 20:38:24,617 - INFO - ResNet50 + SVM Hybrid Model Validation Accuracy: 0.9882
2026-03-04 23:54:11,831 - INFO - Load the best ResNet50 model as the feature extractor...
2026-03-04 23:54:12,206 - INFO - Feature extractor loaded successfully.
2026-03-04 23:54:12,206 - INFO - Starting Step 1: Start extracting features of the training and validation sets...
2026-03-04 23:54:48,716 - INFO - Extraction completed. Number of training set features: 4190
2026-03-04 23:54:48,716 - INFO - Extraction completed. Number of validation set features: 2625
2026-03-04 23:54:48,716 - INFO - Starting Step 2: Training the SVM brain or classifier...
2026-03-04 23:54:49,018 - INFO - SVM training completed.
2026-03-04 23:54:49,018 - INFO - Starting Step 3: Evaluating the SVM classifier on validation data...
2026-03-04 23:54:49,101 - INFO - ResNet50 + SVM Hybrid Model Validation Accuracy: 0.9935
2026-03-04 23:56:11,303 - INFO - Load the best ResNet50 model as the feature extractor...
2026-03-04 23:56:11,673 - INFO - Feature extractor loaded successfully.
2026-03-04 23:56:11,673 - INFO - Starting Step 1: Start extracting features of the training and validation sets...
2026-03-04 23:56:47,329 - INFO - Extraction completed. Number of training set features: 4190
2026-03-04 23:56:47,329 - INFO - Extraction completed. Number of validation set features: 2625
2026-03-04 23:56:47,329 - INFO - Starting Step 2: Training the SVM brain or classifier...
2026-03-04 23:56:47,610 - INFO - SVM training completed.
2026-03-04 23:56:47,610 - INFO - Starting Step 3: Evaluating the SVM classifier on validation data...
2026-03-04 23:56:47,697 - INFO - ResNet50 + SVM Hybrid Model Validation Accuracy: 0.9935


Modify 224x224 to 640x640 Starting Here
2026-04-01 23:30:42,157 - INFO - Load the best ResNet50 model as the feature extractor...
2026-04-01 23:30:42,600 - INFO - Feature extractor loaded successfully.
2026-04-01 23:30:42,600 - INFO - Starting Step 1: Start extracting features of the training and validation sets...
2026-04-01 23:33:15,553 - INFO - Extraction completed. Number of training set features: 4190
2026-04-01 23:33:15,553 - INFO - Extraction completed. Number of validation set features: 2625
2026-04-01 23:33:15,553 - INFO - Starting Step 2: Training the SVM brain or classifier...
2026-04-01 23:33:16,085 - INFO - SVM training completed.
2026-04-01 23:33:16,085 - INFO - Starting Step 3: Evaluating the SVM classifier on validation data...
2026-04-01 23:33:16,175 - INFO - ResNet50 + SVM Hybrid Model Validation Accuracy: 0.9375
2026-04-01 23:33:33,021 - INFO - Load the best ResNet50 model as the feature extractor...
2026-04-01 23:33:33,463 - INFO - Feature extractor loaded successfully.
2026-04-01 23:33:33,463 - INFO - Starting Step 1: Start extracting features of the training and validation sets...
2026-04-01 23:36:05,151 - INFO - Extraction completed. Number of training set features: 4190
2026-04-01 23:36:05,151 - INFO - Extraction completed. Number of validation set features: 2625
2026-04-01 23:36:05,151 - INFO - Starting Step 2: Training the SVM brain or classifier...
2026-04-01 23:36:05,699 - INFO - SVM training completed.
2026-04-01 23:36:05,699 - INFO - Starting Step 3: Evaluating the SVM classifier on validation data...
2026-04-01 23:36:05,798 - INFO - ResNet50 + SVM Hybrid Model Validation Accuracy: 0.9375
